╭──────────────────────────────────────────────────╮
│ Completions                                      │
│ ──────────────────────────────────────────────   │
│ ƒ Item03                                         │
│ ƒ Item04                                         │
│ ƒ Item05                                         │
│ ƒ Item06                                         │
│ ƒ Item07                                         │
│ ƒ Item08                                         │
│ ƒ Item09                                         │
│ ƒ Item10                                         │
│ ƒ Item11                                         │
│ ƒ Item12                                         │
│ ──────────────────────────────────────────────   │
│ 8/15                                             │
│ Tab/↑↓ to navigate • Enter to select • Esc to    │
│ cancel                                           │
╰──────────────────────────────────────────────────╯