╭──────────────────────────────────────────────────╮
│ Completions                                      │
│ ──────────────────────────────────────────────   │
│ ƒ ProcessData func ProcessData(...               │
│ ƒ ValidateInput func ValidateInpu...             │
│                                                  │
│ Tab/↑↓ to navigate • Enter to select • Esc to    │
│ cancel                                           │
╰──────────────────────────────────────────────────╯