 ╭──────────────────────────────────────────────╮ 
 │                                              │ 
 │  Keyboard Shortcuts                          │ 
 │                                              │ 
 │  Navigation                                  │ 
 │    ↑/↓           Scroll up/down              │ 
 │    PgUp/PgDn     Page up/down                │ 
 │    Home          Jump to top                 │ 
 │    End           Jump to bottom              │ 
 │    Ctrl+U        Scroll half page up         │ 
 │  ... (23 more lines)                         │ 
 │                                              │ 
 │                                              │ 
 │                                              │ 
 ╰──────────────────────────────────────────────╯ 