 ╭──────────────────────────────╮  
 │                              │  
 │      Keyboard Shortcuts      │  
 │                              │  
 │   Enter       Send message   │  
 │      ↑/↓         Scroll      │  
 │   ?           Toggle help    │  
 │       Ctrl+C      Quit       │  
 │                              │  
 │  Press Ctrl+H for full help  │  
 │                              │  
 ╰──────────────────────────────╯  