──────────────────────────────────────────────────
╭───────────────────────────────────╮
│ ▼ Thinking (1 lines)              │
│   Initial analysis of the problem │
╰───────────────────────────────────╯
╭──────────────────────────────────────────────╮
│   ▼ Thinking (1 lines)                       │
│   Considering approach A: iterative solution │
╰──────────────────────────────────────────────╯
╭──────────────────────────────────────────────╮
│   ▼ Thinking (1 lines)                       │
│   Considering approach B: recursive solution │
╰──────────────────────────────────────────────╯
──────────────────────────────────────────────────