──────────────────────────────────────────────────
╭──────────────────────╮
│ ▼ Thinking (1 lines) │
│   Top-level analysis │
╰──────────────────────╯
╭────────────────────────╮
│   ▼ Thinking (1 lines) │
│   Nested consideration │
╰────────────────────────╯
╭──────────────────────────╮
│     ▼ Thinking (1 lines) │
│   Deeply nested thought  │
╰──────────────────────────╯
╭────────────────────────────╮
│       ▼ Thinking (1 lines) │
│   Even deeper analysis     │
╰────────────────────────────╯
──────────────────────────────────────────────────