──────────────────────────────────────────────────
╭─────────────────────────╮
│ ▼ Thinking (1 lines)    │
│   First thought process │
╰─────────────────────────╯
╭──────────────────────────────────────────────────╮
│ ▶ Thinking                                       │
│   Second thought process - this one is collapsed │
╰──────────────────────────────────────────────────╯
╭─────────────────────────╮
│ ▼ Thinking (1 lines)    │
│   Third thought process │
╰─────────────────────────╯
──────────────────────────────────────────────────